C51 COMPILER V9.60.7.0   BLUETOOTH                                                         12/19/2024 00:39:43 PAGE 1   


C51 COMPILER V9.60.7.0, COMPILATION OF MODULE BLUETOOTH
OBJECT MODULE PLACED IN .\Objects\bluetooth.obj
COMPILER INVOKED BY: C:\Keil_v5\C51\BIN\C51.EXE bluetooth.c OPTIMIZE(8,SPEED) BROWSE DEBUG OBJECTEXTEND PRINT(.\Listings
                    -\bluetooth.lst) OBJECT(.\Objects\bluetooth.obj)

line level    source

   1          #include <REGX52.H>
   2          #include "car_go.h"
   3          #include "trace.h"
   4          
   5          unsigned char U_data;     //接受数据存放
   6          unsigned char flag = 0;         //切换循迹模式 0为关闭 1为开启
   7          
   8          void receive(unsigned char m)
   9          {
  10   1              switch(m)
  11   1          {
  12   2              
  13   2              case  '2':      //前进
  14   2                  car_go(40,45);
  15   2              break;
  16   2              
  17   2              case  '4':
  18   2                  car_turn_L(40,45);    // 左转
  19   2              break;
  20   2              
  21   2              case  '6':
  22   2                  car_turn_L(40,45);    // 右转
  23   2              break;
  24   2              
  25   2              case '8':
  26   2                  car_back(40,45);   //  后退
  27   2              break;
  28   2              
  29   2              case '5':      // 停止
  30   2                   car_stop();
  31   2              break;
  32   2                      
  33   2                      case '7':
  34   2                              flag = 1;               //循迹模式开启
  35   2                      break;
  36   2                      
  37   2                      case '9':               //循迹模式关闭
  38   2                              flag = 0;
  39   2                      break;
  40   2              
  41   2          }
  42   1      
  43   1      }
  44          
  45          void Timer1_Isr(void) interrupt 4
  46          {
  47   1              car_stop();
  48   1          RI = 0;                  //清除接受中断标志位
  49   1          U_data = SBUF;                    //接受数据
  50   1          receive(U_data);
  51   1      }
  52          
  53          void Timer1_Init()               //9600bps@11.0592MHz
  54          {
C51 COMPILER V9.60.7.0   BLUETOOTH                                                         12/19/2024 00:39:43 PAGE 2   

  55   1              PCON = 0x00;            //关倍频
  56   1              SCON = 0x50;            //八位数据，可变波特率        
  57   1              TMOD = 0x20;            //设置定时器模式
  58   1              TL1 = 0xFd;                     //设置定时器初始值
  59   1              TH1 = 0xFd;                     //设置定时器初始值
  60   1              ET1 = 0;                        //禁止定时器1中断
  61   1              TR1 = 1;                        //定时器1开始计时
  62   1              EA = 1;                         //总中断
  63   1              ES = 1;                         //打开串口中断
  64   1      }


MODULE INFORMATION:   STATIC OVERLAYABLE
   CODE SIZE        =    183    ----
   CONSTANT SIZE    =   ----    ----
   XDATA SIZE       =   ----    ----
   PDATA SIZE       =   ----    ----
   DATA SIZE        =      2    ----
   IDATA SIZE       =   ----    ----
   BIT SIZE         =   ----    ----
END OF MODULE INFORMATION.


C51 COMPILATION COMPLETE.  0 WARNING(S),  0 ERROR(S)
