C51 COMPILER V9.60.7.0   DELAY_MS                                                          12/19/2024 18:16:48 PAGE 1   


C51 COMPILER V9.60.7.0, COMPILATION OF MODULE DELAY_MS
OBJECT MODULE PLACED IN .\Objects\Delay_ms.obj
COMPILER INVOKED BY: C:\Keil_v5\C51\BIN\C51.EXE Delay_ms.c OPTIMIZE(8,SPEED) BROWSE DEBUG OBJECTEXTEND PRINT(.\Listings\
                    -Delay_ms.lst) OBJECT(.\Objects\Delay_ms.obj)

line level    source

   1          #include <intrins.h>
   2          //延迟1毫秒级函数
   3          //直接给函数数字即可使用
   4          
   5          void Delay_ms(unsigned int xms) //@11.0592MHz
   6          {
   7   1              unsigned char data i, j;
   8   1      
   9   1              while (xms)
  10   1              {
  11   2                      _nop_();
  12   2                      i = 2;
  13   2                      j = 199;
  14   2                      do
  15   2                      {
  16   3                              while (--j);
  17   3                      }       while (--i);
  18   2              }
  19   1              
  20   1              xms--;
  21   1      }


MODULE INFORMATION:   STATIC OVERLAYABLE
   CODE SIZE        =     17    ----
   CONSTANT SIZE    =   ----    ----
   XDATA SIZE       =   ----    ----
   PDATA SIZE       =   ----    ----
   DATA SIZE        =   ----    ----
   IDATA SIZE       =   ----    ----
   BIT SIZE         =   ----    ----
END OF MODULE INFORMATION.


C51 COMPILATION COMPLETE.  0 WARNING(S),  0 ERROR(S)
